// Jest Snapshot v1, https://goo.gl/fbAQLP

exports[`renders the component 1`] = `
<Portal
  containerInfo={<div />}
>
  ğŸ‘‹
</Portal>
`;

exports[`renders the component in a separate container 1`] = `
<Portal
  containerInfo={<div />}
>
  ğŸ‘‹
</Portal>
`;
