// Jest Snapshot v1, https://goo.gl/fbAQLP

exports[`renders the component 1`] = `
<time
  class="custom--className"
  data-test-id="custom-testId"
  datetime="2020-04-09T16:17:18.912Z"
  title="9 Apr 2020 at 9:17 am"
>
  a day ago
</time>
`;
