// Jest Snapshot v1, https://goo.gl/fbAQLP

exports[`renders the component 1`] = `
<ControlledInputField
  hasLightLabel={false}
  id="checkbox"
  inputType="checkbox"
  isChecked={false}
  labelText="label text"
  testId="cf-ui-checkbox-field"
/>
`;
